#-----------------------------------------------------------
# Vivado v2025.2 (64-bit)
# SW Build 6299465 on Fri Nov 14 19:35:11 GMT 2025
# IP Build 6300035 on Fri Nov 14 10:48:45 MST 2025
# SharedData Build 6298862 on Thu Nov 13 04:50:51 MST 2025
# Start of session at: Wed Sep 16 15:49:54 2026
# Process ID         : 16732
# Current directory  : D:/RTL_PROJECTS/sine_wave/sine_wave.runs/synth_1
# Command line       : vivado.exe -log top.vds -product Vivado -mode batch -messageDb vivado.pb -notrace -source top.tcl
# Log file           : D:/RTL_PROJECTS/sine_wave/sine_wave.runs/synth_1/top.vds
# Journal file       : D:/RTL_PROJECTS/sine_wave/sine_wave.runs/synth_1\vivado.jou
# Running On         : DESKTOP-T1Q39G4
# Platform           : Windows Server 2016 or Windows 10
# Operating System   : 26200
# Processor Detail   : 12th Gen Intel(R) Core(TM) i5-12500H
# CPU Frequency      : 3110 MHz
# CPU Physical cores : 12
# CPU Logical cores  : 16
# Host memory        : 16849 MB
# Swap memory        : 16642 MB
# Total Virtual      : 33492 MB
# Available Virtual  : 19914 MB
#-----------------------------------------------------------
source top.tcl -notrace
